\BOOKMARK [1][-]{section*.3}{\376\377\000L\036\335\000i\000\040\000n\000\363\000i\000\040\001\021\036\247\000u}{}% 1
\BOOKMARK [1][-]{section*.4}{\376\377\000L\036\335\000i\000\040\000c\000a\000m\000\040\001\021\000o\000a\000n}{}% 2
\BOOKMARK [1][-]{section.1}{\376\377\000B\036\243\000n\000g\000\040\000p\000h\000\342\000n\000\040\000c\000\364\000n\000g\000\040\000c\000\364\000n\000g\000\040\000v\000i\036\307\000c}{}% 3
\BOOKMARK [1][-]{section.2}{\376\377\000G\000i\036\333\000i\000\040\000t\000h\000i\036\307\000u}{}% 4
\BOOKMARK [2][-]{subsection.2.1}{\376\377\000M\036\345\000c\000\040\000t\000i\000\352\000u\000\040\000c\036\347\000a\000\040\000b\000\341\000o\000\040\000c\000\341\000o}{section.2}% 5
\BOOKMARK [2][-]{subsection.2.2}{\376\377\000P\000h\036\241\000m\000\040\000v\000i\000\040\000t\000r\000\354\000n\000h\000\040\000b\000\340\000y}{section.2}% 6
\BOOKMARK [1][-]{section.3}{\376\377\000P\000h\036\247\000n\000\040\0001\000:\000\040\000L\000\375\000\040\000t\000h\000u\000y\036\277\000t\000\040\000D\000a\000t\000a\000\040\000F\000i\000t\000t\000i\000n\000g\000\040\000v\000\340\000\040\000m\000i\000n\000h\000\040\000h\036\315\000a}{}% 7
\BOOKMARK [2][-]{subsection.3.1}{\376\377\000B\000\340\000i\000\040\000t\000o\000\341\000n\000\040\000D\000a\000t\000a\000\040\000F\000i\000t\000t\000i\000n\000g\000\040\000v\000\340\000\040\000m\000\364\000\040\000h\000\354\000n\000h\000\040\000h\036\323\000i\000\040\000q\000u\000y\000\040\000t\000u\000y\036\277\000n\000\040\000t\000\355\000n\000h}{section.3}% 8
\BOOKMARK [2][-]{subsection.3.2}{\376\377\000N\000g\000h\000i\036\307\000m\000\040\000O\000L\000S\000\040\000v\000\340\000\040\001\260\036\333\000c\000\040\000l\001\260\036\343\000n\000g\000\040\000p\000h\001\260\001\241\000n\000g\000\040\000s\000a\000i}{section.3}% 9
\BOOKMARK [2][-]{subsection.3.3}{\376\377\000M\000a\000\040\000t\000r\036\255\000n\000\040\000H\000a\000t\000\040\000v\000\340\000\040\000t\000\355\000n\000h\000\040\000c\000h\036\245\000t}{section.3}% 10
\BOOKMARK [2][-]{subsection.3.4}{\376\377\000G\000i\036\243\000\040\000t\000h\000i\036\277\000t\000\040\000G\000a\000u\000s\000s\040\023\000M\000a\000r\000k\000o\000v\000\040\000v\000\340\000\040\001\021\036\313\000n\000h\000\040\000l\000\375\000\040\000B\000L\000U\000E}{section.3}% 11
\BOOKMARK [2][-]{subsection.3.5}{\376\377\000K\000i\036\303\000m\000\040\001\021\036\313\000n\000h\000\040\000t\000h\036\321\000n\000g\000\040\000k\000\352\000\040\000v\000\340\000\040\000c\000\341\000c\000\040\000c\000h\036\311\000\040\000s\036\321\000\040\001\021\000\341\000n\000h\000\040\000g\000i\000\341}{section.3}% 12
\BOOKMARK [2][-]{subsection.3.6}{\376\377\000M\000i\000n\000h\000\040\000h\036\315\000a\000\040\001\021\036\313\000n\000h\000\040\000l\000\375\000\040\000G\000a\000u\000s\000s\040\023\000M\000a\000r\000k\000o\000v\000\040\000b\036\261\000n\000g\000\040\000M\000o\000n\000t\000e\000\040\000C\000a\000r\000l\000o}{section.3}% 13
\BOOKMARK [2][-]{subsection.3.7}{\376\377\000P\000h\000\342\000n\000\040\000t\000\355\000c\000h\000\040\000p\000h\036\247\000n\000\040\000d\001\260\000\040\000c\000h\000o\000\040\000d\036\357\000\040\000l\000i\036\307\000u\000\040\000g\000i\036\243\000\040\000l\036\255\000p}{section.3}% 14
\BOOKMARK [1][-]{section.4}{\376\377\000P\000h\036\247\000n\000\040\0002\000:\000\040\036\350\000n\000g\000\040\000d\036\345\000n\000g\000\040\000d\036\357\000\040\000l\000i\036\307\000u\000\040\000t\000h\036\361\000c}{}% 15
\BOOKMARK [2][-]{subsection.4.1}{\376\377\000N\000g\000u\036\323\000n\000\040\000d\036\357\000\040\000l\000i\036\307\000u\000\040\000v\000\340\000\040\001\021\000i\036\301\000u\000\040\000k\000i\036\307\000n\000\040\001\021\036\301\000\040\000b\000\340\000i}{section.4}% 16
\BOOKMARK [2][-]{subsection.4.2}{\376\377\000T\000i\036\301\000n\000\040\000x\036\355\000\040\000l\000\375\000\040\000d\036\357\000\040\000l\000i\036\307\000u\000\040\000v\000\340\000\040\000D\000a\000t\000a\000P\000i\000p\000e\000l\000i\000n\000e}{section.4}% 17
\BOOKMARK [3][-]{subsubsection.4.2.1}{\376\377\000P\000h\000\342\000n\000\040\000t\000\355\000c\000h\000\040\000m\000i\000s\000s\000i\000n\000g\000\040\000v\000a\000l\000u\000e\000s\000\040\000v\000\340\000\040\000o\000u\000t\000l\000i\000e\000r\000s}{subsection.4.2}% 18
\BOOKMARK [3][-]{subsubsection.4.2.2}{\376\377\000P\000h\000\342\000n\000\040\000t\000\355\000c\000h\000\040\000c\001\241\000\040\000c\000h\036\277\000\040\000g\000i\000\341\000\040\000t\000r\036\313\000\040\000k\000h\000u\000y\036\277\000t\000\040\000t\000h\000i\036\277\000u\000\040\000\050\000M\000i\000s\000s\000i\000n\000g\000\040\000V\000a\000l\000u\000e\000s\000\051}{subsection.4.2}% 19
\BOOKMARK [3][-]{subsubsection.4.2.3}{\376\377\000P\000h\000\342\000n\000\040\000t\000\355\000c\000h\000\040\000g\000i\000\341\000\040\000t\000r\036\313\000\040\000n\000g\000o\036\241\000i\000\040\000l\000a\000i\000\040\000\050\000O\000u\000t\000l\000i\000e\000r\000s\000\051}{subsection.4.2}% 20
\BOOKMARK [3][-]{subsubsection.4.2.4}{\376\377\000Q\000u\000y\000\040\000t\000r\000\354\000n\000h\000\040\000D\000a\000t\000a\000P\000i\000p\000e\000l\000i\000n\000e}{subsection.4.2}% 21
\BOOKMARK [2][-]{subsection.4.3}{\376\377\000S\000o\000\040\000s\000\341\000n\000h\000\040\000m\000\364\000\040\000h\000\354\000n\000h\000\040\000v\000\340\000\040\001\021\000\341\000n\000h\000\040\000g\000i\000\341}{section.4}% 22
\BOOKMARK [2][-]{subsection.4.4}{\376\377\000R\000i\000d\000g\000e\000\040\000R\000e\000g\000r\000e\000s\000s\000i\000o\000n\000\040\000v\000\340\000\040\000R\000i\000d\000g\000e\000\040\000T\000r\000a\000c\000e}{section.4}% 23
\BOOKMARK [2][-]{subsection.4.5}{\376\377\000k\000-\000f\000o\000l\000d\000\040\000C\000r\000o\000s\000s\000-\000V\000a\000l\000i\000d\000a\000t\000i\000o\000n}{section.4}% 24
\BOOKMARK [2][-]{subsection.4.6}{\376\377\000N\000h\036\255\000n\000\040\000x\000\351\000t}{section.4}% 25
\BOOKMARK [3][-]{subsubsection.4.6.1}{\376\377\000O\000L\000S\000\040\000c\001\241\000\040\000b\036\243\000n}{subsection.4.6}% 26
\BOOKMARK [3][-]{subsubsection.4.6.2}{\376\377\000O\000L\000S\000\040\000c\000h\036\315\000n\000\040\000b\000i\036\277\000n}{subsection.4.6}% 27
\BOOKMARK [3][-]{subsubsection.4.6.3}{\376\377\000R\000i\000d\000g\000e\000\040\000R\000e\000g\000r\000e\000s\000s\000i\000o\000n}{subsection.4.6}% 28
\BOOKMARK [3][-]{subsubsection.4.6.4}{\376\377\000L\000a\000s\000s\000o\000\040\000R\000e\000g\000r\000e\000s\000s\000i\000o\000n}{subsection.4.6}% 29
\BOOKMARK [3][-]{subsubsection.4.6.5}{\376\377\000B\000a\000y\000e\000s\000i\000a\000n\000\040\000L\000i\000n\000e\000a\000r\000\040\000R\000e\000g\000r\000e\000s\000s\000i\000o\000n}{subsection.4.6}% 30
\BOOKMARK [3][-]{subsubsection.4.6.6}{\376\377\000T\036\325\000n\000g\000\040\000h\036\343\000p}{subsection.4.6}% 31
\BOOKMARK [2][-]{subsection.4.7}{\376\377\000F\000e\000a\000t\000u\000r\000e\000\040\000i\000m\000p\000o\000r\000t\000a\000n\000c\000e\000\040\000v\000\340\000\040\000r\000e\000s\000i\000d\000u\000a\000l\000\040\000p\000l\000o\000t\000s}{section.4}% 32
\BOOKMARK [2][-]{subsection.4.8}{\376\377\000K\036\371\000\040\000t\000h\000u\036\255\000t\000\040\000n\000\342\000n\000g\000\040\000c\000a\000o\000:\000\040\000B\000a\000y\000e\000s\000i\000a\000n\000\040\000L\000i\000n\000e\000a\000r\000\040\000R\000e\000g\000r\000e\000s\000s\000i\000o\000n}{section.4}% 33
\BOOKMARK [2][-]{subsection.4.9}{\376\377\000L\000\375\000\040\000d\000o\000\040\000c\000h\036\315\000n\000\040\000B\000a\000y\000e\000s\000i\000a\000n\000\040\000L\000i\000n\000e\000a\000r\000\040\000R\000e\000g\000r\000e\000s\000s\000i\000o\000n\000\040\000t\000h\000a\000y\000\040\000v\000\354\000\040\000K\000e\000r\000n\000e\000l\000\040\000R\000e\000g\000r\000e\000s\000s\000i\000o\000n}{section.4}% 34
\BOOKMARK [1][-]{section.5}{\376\377\000P\000h\000\342\000n\000\040\000t\000\355\000c\000h\000\040\000c\000\341\000c\000\040\000h\000\340\000m\000\040\000c\000h\000\355\000n\000h}{}% 35
\BOOKMARK [2][-]{subsection.5.1}{\376\377\000N\000h\000\363\000m\000\040\000h\000\340\000m\000\040\000O\000L\000S\000\040\000v\000\340\000\040\000k\000i\036\303\000m\000\040\001\021\036\313\000n\000h\000\040\000t\000h\036\321\000n\000g\000\040\000k\000\352}{section.5}% 36
\BOOKMARK [3][-]{subsubsection.5.1.1}{\376\377\000o\000l\000s\000\137\000f\000i\000t}{subsection.5.1}% 37
\BOOKMARK [3][-]{subsubsection.5.1.2}{\376\377\000h\000a\000t\000\137\000m\000a\000t\000r\000i\000x}{subsection.5.1}% 38
\BOOKMARK [3][-]{subsubsection.5.1.3}{\376\377\000m\000o\000d\000e\000l\000\137\000m\000e\000t\000r\000i\000c\000s}{subsection.5.1}% 39
\BOOKMARK [3][-]{subsubsection.5.1.4}{\376\377\000c\000o\000e\000f\000\137\000i\000n\000f\000e\000r\000e\000n\000c\000e}{subsection.5.1}% 40
\BOOKMARK [3][-]{subsubsection.5.1.5}{\376\377\000v\000i\000f}{subsection.5.1}% 41
\BOOKMARK [2][-]{subsection.5.2}{\376\377\000N\000h\000\363\000m\000\040\000h\000\340\000m\000\040\000R\000i\000d\000g\000e\000\040\000v\000\340\000\040\000k\000-\000f\000o\000l\000d\000\040\000C\000V}{section.5}% 42
\BOOKMARK [3][-]{subsubsection.5.2.1}{\376\377\000r\000i\000d\000g\000e\000\137\000f\000i\000t}{subsection.5.2}% 43
\BOOKMARK [3][-]{subsubsection.5.2.2}{\376\377\000p\000l\000o\000t\000\137\000r\000i\000d\000g\000e\000\137\000t\000r\000a\000c\000e}{subsection.5.2}% 44
\BOOKMARK [3][-]{subsubsection.5.2.3}{\376\377\000l\000a\000s\000s\000o\000\137\000f\000i\000t}{subsection.5.2}% 45
\BOOKMARK [3][-]{subsubsection.5.2.4}{\376\377\000k\000f\000o\000l\000d\000\137\000c\000v}{subsection.5.2}% 46
\BOOKMARK [2][-]{subsection.5.3}{\376\377\000N\000h\000\363\000m\000\040\000h\000\340\000m\000\040\000p\000h\000\342\000n\000\040\000t\000\355\000c\000h\000\040\000p\000h\036\247\000n\000\040\000d\001\260}{section.5}% 47
\BOOKMARK [3][-]{subsubsection.5.3.1}{\376\377\000r\000e\000s\000i\000d\000u\000a\000l\000\137\000p\000l\000o\000t\000s}{subsection.5.3}% 48
\BOOKMARK [2][-]{subsection.5.4}{\376\377\000N\000h\000\363\000m\000\040\000h\000\340\000m\000\040\000t\000i\036\301\000n\000\040\000x\036\355\000\040\000l\000\375\000\040\000d\036\357\000\040\000l\000i\036\307\000u}{section.5}% 49
\BOOKMARK [3][-]{subsubsection.5.4.1}{\376\377\000D\000a\000t\000a\000P\000i\000p\000e\000l\000i\000n\000e\000.\000f\000i\000t}{subsection.5.4}% 50
\BOOKMARK [3][-]{subsubsection.5.4.2}{\376\377\000D\000a\000t\000a\000P\000i\000p\000e\000l\000i\000n\000e\000.\000t\000r\000a\000n\000s\000f\000o\000r\000m}{subsection.5.4}% 51
\BOOKMARK [2][-]{subsection.5.5}{\376\377\000N\000h\000\363\000m\000\040\000h\000\340\000m\000\040\000B\000a\000y\000e\000s\000i\000a\000n\000\040\000L\000i\000n\000e\000a\000r\000\040\000R\000e\000g\000r\000e\000s\000s\000i\000o\000n}{section.5}% 52
\BOOKMARK [3][-]{subsubsection.5.5.1}{\376\377\000b\000a\000y\000e\000s\000i\000a\000n\000\137\000l\000i\000n\000e\000a\000r\000\137\000f\000i\000t}{subsection.5.5}% 53
\BOOKMARK [3][-]{subsubsection.5.5.2}{\376\377\000b\000a\000y\000e\000s\000i\000a\000n\000\137\000p\000r\000e\000d\000i\000c\000t}{subsection.5.5}% 54
\BOOKMARK [3][-]{subsubsection.5.5.3}{\376\377\000c\000r\000e\000d\000i\000b\000l\000e\000\137\000i\000n\000t\000e\000r\000v\000a\000l\000s}{subsection.5.5}% 55
\BOOKMARK [2][-]{subsection.5.6}{\376\377\000N\000h\000\363\000m\000\040\000h\000\340\000m\000\040\000s\000o\000\040\000s\000\341\000n\000h\000\040\000m\000\364\000\040\000h\000\354\000n\000h}{section.5}% 56
\BOOKMARK [3][-]{subsubsection.5.6.1}{\376\377\000t\000r\000a\000i\000n\000\137\000a\000n\000d\000\137\000c\000o\000m\000p\000a\000r\000e}{subsection.5.6}% 57
\BOOKMARK [1][-]{section.6}{\376\377\000K\036\277\000t\000\040\000l\000u\036\255\000n}{}% 58
\BOOKMARK [1][-]{section*.28}{\376\377\000T\000\340\000i\000\040\000l\000i\036\307\000u\000\040\000t\000h\000a\000m\000\040\000k\000h\036\243\000o}{}% 59
\BOOKMARK [2][-]{section*.29}{\376\377\000P\000h\036\345\000\040\000l\036\345\000c\000\040\000A\000:\000\040\000B\036\243\000n\000g\000\040\000s\036\321\000\040\000l\000i\036\307\000u\000\040\000v\000\340\000\040\000k\036\277\000t\000\040\000q\000u\036\243\000\040\000b\036\325\000\040\000s\000u\000n\000g}{section*.28}% 60
\BOOKMARK [2][-]{section*.38}{\376\377\000P\000h\036\345\000\040\000l\036\345\000c\000\040\000B\000:\000\040\000G\000i\000t\000H\000u\000b\000\040\000R\000e\000p\000o\000s\000i\000t\000o\000r\000y}{section*.28}% 61
